// Jest Snapshot v1, https://goo.gl/fbAQLP

exports[`Favorites page correctly renders after relaunch 1`] = `
<div
  className="page page--favorites"
>
  <Memo(Connect(Header)) />
  <main
    className="page__main page__main--favorites"
  >
    <div
      className="page__favorites-container container"
    >
      <section
        className="favorites"
      >
        <h1
          className="favorites__title"
        >
          Saved listing
        </h1>
        <ul
          className="favorites__list"
        >
          <li
            className="favorites__locations-items"
          >
            <div
              className="favorites__locations locations locations--current"
            >
              <div
                className="locations__item"
              >
                <ForwardRef
                  className="locations__item-link"
                  to="/"
                >
                  <span>
                    Object {
                      "location": Object {
                        "latitude": 52.370216,
                        "longitude": 4.895168,
                        "zoom": 10,
                      },
                      "name": "Amsterdam",
                    }
                  </span>
                </ForwardRef>
              </div>
            </div>
            <OffersList
              cardClassName="favorites__card"
              cardInfoClassName="favorites__card-info"
              className="favorites__places"
              imageHeight={110}
              imageWidth={150}
              imageWrapperClassName="favorites__image-wrapper"
            />
          </li>
          <li
            className="favorites__locations-items"
          >
            <div
              className="favorites__locations locations locations--current"
            >
              <div
                className="locations__item"
              >
                <ForwardRef
                  className="locations__item-link"
                  to="/"
                >
                  <span>
                    Object {
                      "location": Object {
                        "latitude": 52.370216,
                        "longitude": 4.895168,
                        "zoom": 10,
                      },
                      "name": "Amsterdam",
                    }
                  </span>
                </ForwardRef>
              </div>
            </div>
            <OffersList
              cardClassName="favorites__card"
              cardInfoClassName="favorites__card-info"
              className="favorites__places"
              imageHeight={110}
              imageWidth={150}
              imageWrapperClassName="favorites__image-wrapper"
            />
          </li>
          <li
            className="favorites__locations-items"
          >
            <div
              className="favorites__locations locations locations--current"
            >
              <div
                className="locations__item"
              >
                <ForwardRef
                  className="locations__item-link"
                  to="/"
                >
                  <span>
                    Object {
                      "location": Object {
                        "latitude": 52.370216,
                        "longitude": 4.895168,
                        "zoom": 10,
                      },
                      "name": "Tel Aviv",
                    }
                  </span>
                </ForwardRef>
              </div>
            </div>
            <OffersList
              cardClassName="favorites__card"
              cardInfoClassName="favorites__card-info"
              className="favorites__places"
              imageHeight={110}
              imageWidth={150}
              imageWrapperClassName="favorites__image-wrapper"
            />
          </li>
          <li
            className="favorites__locations-items"
          >
            <div
              className="favorites__locations locations locations--current"
            >
              <div
                className="locations__item"
              >
                <ForwardRef
                  className="locations__item-link"
                  to="/"
                >
                  <span>
                    Object {
                      "location": Object {
                        "latitude": 52.370216,
                        "longitude": 4.895168,
                        "zoom": 10,
                      },
                      "name": "Amsterdam",
                    }
                  </span>
                </ForwardRef>
              </div>
            </div>
            <OffersList
              cardClassName="favorites__card"
              cardInfoClassName="favorites__card-info"
              className="favorites__places"
              imageHeight={110}
              imageWidth={150}
              imageWrapperClassName="favorites__image-wrapper"
            />
          </li>
          <li
            className="favorites__locations-items"
          >
            <div
              className="favorites__locations locations locations--current"
            >
              <div
                className="locations__item"
              >
                <ForwardRef
                  className="locations__item-link"
                  to="/"
                >
                  <span>
                    Object {
                      "location": Object {
                        "latitude": 52.370216,
                        "longitude": 4.895168,
                        "zoom": 10,
                      },
                      "name": "Amsterdam",
                    }
                  </span>
                </ForwardRef>
              </div>
            </div>
            <OffersList
              cardClassName="favorites__card"
              cardInfoClassName="favorites__card-info"
              className="favorites__places"
              imageHeight={110}
              imageWidth={150}
              imageWrapperClassName="favorites__image-wrapper"
            />
          </li>
          <li
            className="favorites__locations-items"
          >
            <div
              className="favorites__locations locations locations--current"
            >
              <div
                className="locations__item"
              >
                <ForwardRef
                  className="locations__item-link"
                  to="/"
                >
                  <span>
                    Object {
                      "location": Object {
                        "latitude": 52.370216,
                        "longitude": 4.895168,
                        "zoom": 10,
                      },
                      "name": "Amsterdam",
                    }
                  </span>
                </ForwardRef>
              </div>
            </div>
            <OffersList
              cardClassName="favorites__card"
              cardInfoClassName="favorites__card-info"
              className="favorites__places"
              imageHeight={110}
              imageWidth={150}
              imageWrapperClassName="favorites__image-wrapper"
            />
          </li>
          <li
            className="favorites__locations-items"
          >
            <div
              className="favorites__locations locations locations--current"
            >
              <div
                className="locations__item"
              >
                <ForwardRef
                  className="locations__item-link"
                  to="/"
                >
                  <span>
                    Object {
                      "location": Object {
                        "latitude": 52.370216,
                        "longitude": 4.895168,
                        "zoom": 10,
                      },
                      "name": "Amsterdam",
                    }
                  </span>
                </ForwardRef>
              </div>
            </div>
            <OffersList
              cardClassName="favorites__card"
              cardInfoClassName="favorites__card-info"
              className="favorites__places"
              imageHeight={110}
              imageWidth={150}
              imageWrapperClassName="favorites__image-wrapper"
            />
          </li>
          <li
            className="favorites__locations-items"
          >
            <div
              className="favorites__locations locations locations--current"
            >
              <div
                className="locations__item"
              >
                <ForwardRef
                  className="locations__item-link"
                  to="/"
                >
                  <span>
                    Object {
                      "location": Object {
                        "latitude": 52.370216,
                        "longitude": 4.895168,
                        "zoom": 10,
                      },
                      "name": "Paris",
                    }
                  </span>
                </ForwardRef>
              </div>
            </div>
            <OffersList
              cardClassName="favorites__card"
              cardInfoClassName="favorites__card-info"
              className="favorites__places"
              imageHeight={110}
              imageWidth={150}
              imageWrapperClassName="favorites__image-wrapper"
            />
          </li>
          <li
            className="favorites__locations-items"
          >
            <div
              className="favorites__locations locations locations--current"
            >
              <div
                className="locations__item"
              >
                <ForwardRef
                  className="locations__item-link"
                  to="/"
                >
                  <span>
                    Object {
                      "location": Object {
                        "latitude": 52.370216,
                        "longitude": 4.895168,
                        "zoom": 10,
                      },
                      "name": "Paris",
                    }
                  </span>
                </ForwardRef>
              </div>
            </div>
            <OffersList
              cardClassName="favorites__card"
              cardInfoClassName="favorites__card-info"
              className="favorites__places"
              imageHeight={110}
              imageWidth={150}
              imageWrapperClassName="favorites__image-wrapper"
            />
          </li>
        </ul>
      </section>
    </div>
  </main>
  <footer
    className="footer"
  >
    <ForwardRef
      className="footer__logo-link"
      to="/"
    >
      <img
        alt="6 cities logo"
        className="footer__logo"
        height={33}
        src="/img/logo.svg"
        width={64}
      />
    </ForwardRef>
  </footer>
</div>
`;
