// Jest Snapshot v1, https://goo.gl/fbAQLP

exports[`App correctly renders after relaunch 1`] = `
<Switch>
  <Route
    exact={true}
    path="/"
  >
    <Redirect
      to="/"
    />
  </Route>
  <Route
    component={
      Object {
        "$$typeof": Symbol(react.memo),
        "WrappedComponent": [Function],
        "compare": null,
        "displayName": "Connect(MainPage)",
        "type": [Function],
      }
    }
    exact={true}
    path="/:city"
  />
  <Route
    component={
      Object {
        "$$typeof": Symbol(react.memo),
        "WrappedComponent": [Function],
        "compare": null,
        "displayName": "Connect(WithAuth)",
        "type": [Function],
      }
    }
    exact={true}
    path="/favorites"
  />
  <Route
    component={
      Object {
        "$$typeof": Symbol(react.memo),
        "WrappedComponent": [Function],
        "compare": null,
        "displayName": "Connect(WithoutAuth)",
        "type": [Function],
      }
    }
    exact={true}
    path="/login"
  />
  <Route
    component={
      Object {
        "$$typeof": Symbol(react.memo),
        "WrappedComponent": [Function],
        "compare": null,
        "displayName": "Connect(withRouter(Offer))",
        "type": [Function],
      }
    }
    exact={true}
    path="/offer/:id"
  />
</Switch>
`;
