// Jest Snapshot v1, https://goo.gl/fbAQLP

exports[`App correctly renders after relaunch 1`] = `
<Switch>
  <Route
    component={
      Object {
        "$$typeof": Symbol(react.memo),
        "WrappedComponent": [Function],
        "compare": null,
        "displayName": "Connect(MainPage)",
        "type": [Function],
      }
    }
    exact={true}
    path="/"
  />
  <Route
    component={[Function]}
    exact={true}
    path="/favorites"
  />
  <Route
    component={
      Object {
        "$$typeof": Symbol(react.memo),
        "WrappedComponent": [Function],
        "compare": null,
        "displayName": "Connect(WithFormSubmit)",
        "type": [Function],
      }
    }
    exact={true}
    path="/login"
  />
</Switch>
`;
